2025-08-06 12:06:05 - User 7201674426 accessing dir: Barmen
2025-08-06 12:06:08 - File request by 7201674426: Стандарт по этикету.pdf
2025-08-06 12:07:06 - User 7201674426 accessing dir: Admin
2025-08-06 12:07:10 - User 7201674426 accessing dir: Barmen
2025-08-06 12:07:13 - File request by 7201674426: История кофе.docx
2025-08-06 12:13:27 - User 7201674426 accessing dir: Admin
2025-08-06 12:13:31 - User 7201674426 accessing dir: Barmen
2025-08-06 12:13:33 - File request by 7201674426: Ристретто.mp4
2025-08-06 12:16:15 - User 7201674426 accessing dir: Barmen
2025-08-06 12:16:29 - User 7201674426 accessing dir: Barmen
2025-08-06 12:16:34 - User 7201674426 accessing dir: Barmen
2025-08-06 12:16:35 - File request by 7201674426: Для бармена.docx
2025-08-06 12:25:58 - User 7201674426 accessing dir: Barmen
2025-08-06 12:26:01 - File request by 7201674426: Для бармена.docx
2025-08-06 12:26:08 - User 7201674426 accessing dir: Barmen
2025-08-06 12:26:11 - User 7201674426 accessing dir: Barmen
2025-08-06 12:26:16 - User 7201674426 accessing dir: Barmen
2025-08-06 12:26:22 - File request by 7201674426: История кофе.docx
2025-08-06 12:34:58 - User 355290720 accessing dir: Admin
2025-08-06 12:35:05 - User 355290720 accessing dir: Admin
2025-08-06 12:35:18 - User 355290720 accessing dir: Barmen
2025-08-06 12:35:27 - File request by 355290720: Как следить за всеми.rtf
2025-08-06 12:35:36 - User 355290720 accessing dir: Admin
2025-08-06 12:35:44 - User 355290720 accessing dir: Barmen
2025-08-06 12:36:14 - User 355290720 accessing dir: Waiter
2025-08-06 12:36:26 - User 355290720 accessing dir: testDir
2025-08-06 12:37:07 - User 355290720 accessing dir: Waiter
2025-08-06 12:37:09 - User 355290720 accessing dir: testDir
2025-08-06 12:40:27 - User 7201674426 accessing dir: Barmen
2025-08-06 12:40:29 - User 7201674426 accessing dir: Barmen
2025-08-06 12:40:35 - File request by 7201674426: Правила работы в перчатках.png
2025-08-06 12:42:30 - User 5765296156 accessing dir: Barmen
2025-08-06 12:43:41 - User 7201674426 accessing dir: Admin
2025-08-06 12:43:45 - User 7201674426 accessing dir: Barmen
2025-08-06 12:43:50 - File request by 7201674426: Правила работы в перчатках.png
2025-08-06 12:43:57 - User 7201674426 accessing dir: Barmen
2025-08-06 12:43:58 - User 7201674426 accessing dir: Barmen
2025-08-06 12:44:06 - User 7201674426 accessing dir: Waiter
2025-08-06 12:44:08 - User 7201674426 accessing dir: testDir
2025-08-06 12:45:04 - User 355290720 accessing dir: Barmen
2025-08-06 12:45:13 - User 355290720 accessing dir: Barmen
2025-08-06 12:45:18 - File request by 355290720: Стандарт по этикету.pdf
2025-08-06 12:45:31 - User 355290720 accessing dir: Barmen
2025-08-06 12:45:47 - User 355290720 accessing dir: Barmen
2025-08-06 12:46:10 - File request by 355290720: Правила работы в перчатках.png
2025-08-06 12:46:26 - User 355290720 accessing dir: Barmen
2025-08-06 12:47:16 - User 355290720 accessing dir: Barmen
2025-08-06 12:47:24 - File request by 355290720: Ристретто.mp4
2025-08-06 12:47:51 - User 355290720 accessing dir: Barmen
2025-08-06 13:27:37 - File request by 5765296156: Правила работы в перчатках.png
2025-08-06 13:48:06 - User 5765296156 accessing dir: Waiter
2025-08-06 13:48:39 - User 5765296156 accessing dir: testDir
2025-08-06 16:23:19 - User 7201674426 accessing dir: Admin
2025-08-06 16:23:27 - User 7201674426 accessing dir: Barmen
2025-08-06 16:31:53 - File request by 309999570: Для бармена.docx
2025-08-06 16:33:28 - File request by 7201674426: История кофе.docx
